// Jest Snapshot v1, https://goo.gl/fbAQLP

exports[`NotFoundPage renders correctly 1`] = `
Array [
  <Header />,
  <div
    className="container"
  >
    <main>
      <h1>
        not_found_404
      </h1>
      <p>
        not_found_stmt
      </p>
    </main>
    <Footer />
  </div>,
]
`;
