// Jest Snapshot v1, https://goo.gl/fbAQLP

exports[`HomePage renders correctly 1`] = `
Array [
  <Header />,
  <div
    className="container"
  >
    <main>
      <div
        className="container"
      >
        <div
          className="row"
        >
          <div
            className="col"
          >
            <div
              className="row"
            >
              <div
                className="col"
              >
                <h1
                  className="gp-heading gp-heading--primary text-center"
                >
                  home_heading
                </h1>
                <h3
                  className="text-center"
                >
                  about_stmt
                </h3>
              </div>
            </div>
            <div
              className="row"
            >
              <div
                className="card-group"
              >
                <div
                  className="card bg-dark text-white"
                >
                  <div
                    className="card-body"
                  >
                    <div
                      className="text-center card-title h5"
                    >
                      <h4>
                        <svg
                          aria-hidden="true"
                          className="svg-inline--fa fa-database fa-w-14 "
                          data-icon="database"
                          data-prefix="fas"
                          focusable="false"
                          role="img"
                          style={Object {}}
                          viewBox="0 0 448 512"
                          xmlns="http://www.w3.org/2000/svg"
                        >
                          <path
                            d="M448 73.143v45.714C448 159.143 347.667 192 224 192S0 159.143 0 118.857V73.143C0 32.857 100.333 0 224 0s224 32.857 224 73.143zM448 176v102.857C448 319.143 347.667 352 224 352S0 319.143 0 278.857V176c48.125 33.143 136.208 48.572 224 48.572S399.874 209.143 448 176zm0 160v102.857C448 479.143 347.667 512 224 512S0 479.143 0 438.857V336c48.125 33.143 136.208 48.572 224 48.572S399.874 369.143 448 336z"
                            fill="currentColor"
                            style={Object {}}
                          />
                        </svg>
                         
                        home_section_api_title
                      </h4>
                    </div>
                    <p
                      className="card-text"
                    >
                      home_section_api_text
                    </p>
                  </div>
                  <div
                    className="text-center card-footer"
                  >
                    <a
                      className="btn btn-secondary btn-sm"
                      href="https://github.com/mixnjuice/api"
                      onClick={[Function]}
                      onKeyDown={[Function]}
                    >
                      <svg
                        aria-hidden="true"
                        className="svg-inline--fa fa-code fa-w-20 "
                        data-icon="code"
                        data-prefix="fas"
                        focusable="false"
                        role="img"
                        style={Object {}}
                        viewBox="0 0 640 512"
                        xmlns="http://www.w3.org/2000/svg"
                      >
                        <path
                          d="M278.9 511.5l-61-17.7c-6.4-1.8-10-8.5-8.2-14.9L346.2 8.7c1.8-6.4 8.5-10 14.9-8.2l61 17.7c6.4 1.8 10 8.5 8.2 14.9L293.8 503.3c-1.9 6.4-8.5 10.1-14.9 8.2zm-114-112.2l43.5-46.4c4.6-4.9 4.3-12.7-.8-17.2L117 256l90.6-79.7c5.1-4.5 5.5-12.3.8-17.2l-43.5-46.4c-4.5-4.8-12.1-5.1-17-.5L3.8 247.2c-5.1 4.7-5.1 12.8 0 17.5l144.1 135.1c4.9 4.6 12.5 4.4 17-.5zm327.2.6l144.1-135.1c5.1-4.7 5.1-12.8 0-17.5L492.1 112.1c-4.8-4.5-12.4-4.3-17 .5L431.6 159c-4.6 4.9-4.3 12.7.8 17.2L523 256l-90.6 79.7c-5.1 4.5-5.5 12.3-.8 17.2l43.5 46.4c4.5 4.9 12.1 5.1 17 .6z"
                          fill="currentColor"
                          style={Object {}}
                        />
                      </svg>
                        
                      button_api_github
                    </a>
                     
                    <Link
                      className="btn btn-info btn-sm"
                      disabled={false}
                      to="/backend"
                      type="button"
                    >
                      <svg
                        aria-hidden="true"
                        className="svg-inline--fa fa-code fa-w-20 "
                        data-icon="code"
                        data-prefix="fas"
                        focusable="false"
                        role="img"
                        style={Object {}}
                        viewBox="0 0 640 512"
                        xmlns="http://www.w3.org/2000/svg"
                      >
                        <path
                          d="M278.9 511.5l-61-17.7c-6.4-1.8-10-8.5-8.2-14.9L346.2 8.7c1.8-6.4 8.5-10 14.9-8.2l61 17.7c6.4 1.8 10 8.5 8.2 14.9L293.8 503.3c-1.9 6.4-8.5 10.1-14.9 8.2zm-114-112.2l43.5-46.4c4.6-4.9 4.3-12.7-.8-17.2L117 256l90.6-79.7c5.1-4.5 5.5-12.3.8-17.2l-43.5-46.4c-4.5-4.8-12.1-5.1-17-.5L3.8 247.2c-5.1 4.7-5.1 12.8 0 17.5l144.1 135.1c4.9 4.6 12.5 4.4 17-.5zm327.2.6l144.1-135.1c5.1-4.7 5.1-12.8 0-17.5L492.1 112.1c-4.8-4.5-12.4-4.3-17 .5L431.6 159c-4.6 4.9-4.3 12.7.8 17.2L523 256l-90.6 79.7c-5.1 4.5-5.5 12.3-.8 17.2l43.5 46.4c4.5 4.9 12.1 5.1 17 .6z"
                          fill="currentColor"
                          style={Object {}}
                        />
                      </svg>
                        
                      button_api_docs
                    </Link>
                  </div>
                </div>
                <div
                  className="card bg-primary text-white"
                >
                  <div
                    className="card-body"
                  >
                    <div
                      className="text-center card-title h5"
                    >
                      <h4>
                        <svg
                          aria-hidden="true"
                          className="svg-inline--fa fa-window-restore fa-w-16 "
                          data-icon="window-restore"
                          data-prefix="fas"
                          focusable="false"
                          role="img"
                          style={Object {}}
                          viewBox="0 0 512 512"
                          xmlns="http://www.w3.org/2000/svg"
                        >
                          <path
                            d="M512 48v288c0 26.5-21.5 48-48 48h-48V176c0-44.1-35.9-80-80-80H128V48c0-26.5 21.5-48 48-48h288c26.5 0 48 21.5 48 48zM384 176v288c0 26.5-21.5 48-48 48H48c-26.5 0-48-21.5-48-48V176c0-26.5 21.5-48 48-48h288c26.5 0 48 21.5 48 48zm-68 28c0-6.6-5.4-12-12-12H76c-6.6 0-12 5.4-12 12v52h252v-52z"
                            fill="currentColor"
                            style={Object {}}
                          />
                        </svg>
                         
                        home_section_frontend_title
                      </h4>
                    </div>
                    <p
                      className="card-text"
                    >
                      home_section_frontend_text
                    </p>
                  </div>
                  <div
                    className="text-center card-footer"
                  >
                    <a
                      className="btn btn-secondary btn-sm"
                      href="https://github.com/mixnjuice/frontend"
                      onClick={[Function]}
                      onKeyDown={[Function]}
                    >
                      <svg
                        aria-hidden="true"
                        className="svg-inline--fa fa-code fa-w-20 "
                        data-icon="code"
                        data-prefix="fas"
                        focusable="false"
                        role="img"
                        style={Object {}}
                        viewBox="0 0 640 512"
                        xmlns="http://www.w3.org/2000/svg"
                      >
                        <path
                          d="M278.9 511.5l-61-17.7c-6.4-1.8-10-8.5-8.2-14.9L346.2 8.7c1.8-6.4 8.5-10 14.9-8.2l61 17.7c6.4 1.8 10 8.5 8.2 14.9L293.8 503.3c-1.9 6.4-8.5 10.1-14.9 8.2zm-114-112.2l43.5-46.4c4.6-4.9 4.3-12.7-.8-17.2L117 256l90.6-79.7c5.1-4.5 5.5-12.3.8-17.2l-43.5-46.4c-4.5-4.8-12.1-5.1-17-.5L3.8 247.2c-5.1 4.7-5.1 12.8 0 17.5l144.1 135.1c4.9 4.6 12.5 4.4 17-.5zm327.2.6l144.1-135.1c5.1-4.7 5.1-12.8 0-17.5L492.1 112.1c-4.8-4.5-12.4-4.3-17 .5L431.6 159c-4.6 4.9-4.3 12.7.8 17.2L523 256l-90.6 79.7c-5.1 4.5-5.5 12.3-.8 17.2l43.5 46.4c4.5 4.9 12.1 5.1 17 .6z"
                          fill="currentColor"
                          style={Object {}}
                        />
                      </svg>
                        
                      button_frontend_github
                    </a>
                  </div>
                </div>
                <div
                  className="card bg-info text-white"
                >
                  <div
                    className="card-body"
                  >
                    <div
                      className="text-center card-title h5"
                    >
                      <h4>
                        <svg
                          aria-hidden="true"
                          className="svg-inline--fa fa-tools fa-w-16 "
                          data-icon="tools"
                          data-prefix="fas"
                          focusable="false"
                          role="img"
                          style={Object {}}
                          viewBox="0 0 512 512"
                          xmlns="http://www.w3.org/2000/svg"
                        >
                          <path
                            d="M501.1 395.7L384 278.6c-23.1-23.1-57.6-27.6-85.4-13.9L192 158.1V96L64 0 0 64l96 128h62.1l106.6 106.6c-13.6 27.8-9.2 62.3 13.9 85.4l117.1 117.1c14.6 14.6 38.2 14.6 52.7 0l52.7-52.7c14.5-14.6 14.5-38.2 0-52.7zM331.7 225c28.3 0 54.9 11 74.9 31l19.4 19.4c15.8-6.9 30.8-16.5 43.8-29.5 37.1-37.1 49.7-89.3 37.9-136.7-2.2-9-13.5-12.1-20.1-5.5l-74.4 74.4-67.9-11.3L334 98.9l74.4-74.4c6.6-6.6 3.4-17.9-5.7-20.2-47.4-11.7-99.6.9-136.6 37.9-28.5 28.5-41.9 66.1-41.2 103.6l82.1 82.1c8.1-1.9 16.5-2.9 24.7-2.9zm-103.9 82l-56.7-56.7L18.7 402.8c-25 25-25 65.5 0 90.5s65.5 25 90.5 0l123.6-123.6c-7.6-19.9-9.9-41.6-5-62.7zM64 472c-13.2 0-24-10.8-24-24 0-13.3 10.7-24 24-24s24 10.7 24 24c0 13.2-10.7 24-24 24z"
                            fill="currentColor"
                            style={Object {}}
                          />
                        </svg>
                         
                        home_section_tools_title
                      </h4>
                    </div>
                    <p
                      className="card-text"
                    >
                      home_section_tools_text
                    </p>
                  </div>
                  <div
                    className="text-center card-footer"
                  >
                    <a
                      className="btn btn-secondary btn-sm"
                      href="https://github.com/mixnjuice"
                      onClick={[Function]}
                      onKeyDown={[Function]}
                    >
                      <svg
                        aria-hidden="true"
                        className="svg-inline--fa fa-code fa-w-20 "
                        data-icon="code"
                        data-prefix="fas"
                        focusable="false"
                        role="img"
                        style={Object {}}
                        viewBox="0 0 640 512"
                        xmlns="http://www.w3.org/2000/svg"
                      >
                        <path
                          d="M278.9 511.5l-61-17.7c-6.4-1.8-10-8.5-8.2-14.9L346.2 8.7c1.8-6.4 8.5-10 14.9-8.2l61 17.7c6.4 1.8 10 8.5 8.2 14.9L293.8 503.3c-1.9 6.4-8.5 10.1-14.9 8.2zm-114-112.2l43.5-46.4c4.6-4.9 4.3-12.7-.8-17.2L117 256l90.6-79.7c5.1-4.5 5.5-12.3.8-17.2l-43.5-46.4c-4.5-4.8-12.1-5.1-17-.5L3.8 247.2c-5.1 4.7-5.1 12.8 0 17.5l144.1 135.1c4.9 4.6 12.5 4.4 17-.5zm327.2.6l144.1-135.1c5.1-4.7 5.1-12.8 0-17.5L492.1 112.1c-4.8-4.5-12.4-4.3-17 .5L431.6 159c-4.6 4.9-4.3 12.7.8 17.2L523 256l-90.6 79.7c-5.1 4.5-5.5 12.3-.8 17.2l43.5 46.4c4.5 4.9 12.1 5.1 17 .6z"
                          fill="currentColor"
                          style={Object {}}
                        />
                      </svg>
                        
                      button_tools_github
                    </a>
                  </div>
                </div>
              </div>
            </div>
            <div
              className="row"
            >
              <div
                className="card-group"
              >
                <div
                  className="card border-success"
                >
                  <div
                    className="card-body"
                  >
                    <div
                      className="text-center card-title h5"
                    >
                      <h4>
                        <svg
                          aria-hidden="true"
                          className="svg-inline--fa fa-hands-helping fa-w-20 "
                          data-icon="hands-helping"
                          data-prefix="fas"
                          focusable="false"
                          role="img"
                          style={Object {}}
                          viewBox="0 0 640 512"
                          xmlns="http://www.w3.org/2000/svg"
                        >
                          <path
                            d="M488 192H336v56c0 39.7-32.3 72-72 72s-72-32.3-72-72V126.4l-64.9 39C107.8 176.9 96 197.8 96 220.2v47.3l-80 46.2C.7 322.5-4.6 342.1 4.3 357.4l80 138.6c8.8 15.3 28.4 20.5 43.7 11.7L231.4 448H368c35.3 0 64-28.7 64-64h16c17.7 0 32-14.3 32-32v-64h8c13.3 0 24-10.7 24-24v-48c0-13.3-10.7-24-24-24zm147.7-37.4L555.7 16C546.9.7 527.3-4.5 512 4.3L408.6 64H306.4c-12 0-23.7 3.4-33.9 9.7L239 94.6c-9.4 5.8-15 16.1-15 27.1V248c0 22.1 17.9 40 40 40s40-17.9 40-40v-88h184c30.9 0 56 25.1 56 56v28.5l80-46.2c15.3-8.9 20.5-28.4 11.7-43.7z"
                            fill="currentColor"
                            style={Object {}}
                          />
                        </svg>
                         
                        home_section_contribute_title
                      </h4>
                    </div>
                    <p
                      className="card-text"
                    >
                      home_section_contribute_text
                    </p>
                  </div>
                  <div
                    className="text-center card-footer"
                  >
                    <a
                      className="btn btn-primary btn-sm"
                      href="https://github.com/mixnjuice"
                      onClick={[Function]}
                      onKeyDown={[Function]}
                    >
                      <svg
                        aria-hidden="true"
                        className="svg-inline--fa fa-code fa-w-20 "
                        data-icon="code"
                        data-prefix="fas"
                        focusable="false"
                        role="img"
                        style={Object {}}
                        viewBox="0 0 640 512"
                        xmlns="http://www.w3.org/2000/svg"
                      >
                        <path
                          d="M278.9 511.5l-61-17.7c-6.4-1.8-10-8.5-8.2-14.9L346.2 8.7c1.8-6.4 8.5-10 14.9-8.2l61 17.7c6.4 1.8 10 8.5 8.2 14.9L293.8 503.3c-1.9 6.4-8.5 10.1-14.9 8.2zm-114-112.2l43.5-46.4c4.6-4.9 4.3-12.7-.8-17.2L117 256l90.6-79.7c5.1-4.5 5.5-12.3.8-17.2l-43.5-46.4c-4.5-4.8-12.1-5.1-17-.5L3.8 247.2c-5.1 4.7-5.1 12.8 0 17.5l144.1 135.1c4.9 4.6 12.5 4.4 17-.5zm327.2.6l144.1-135.1c5.1-4.7 5.1-12.8 0-17.5L492.1 112.1c-4.8-4.5-12.4-4.3-17 .5L431.6 159c-4.6 4.9-4.3 12.7.8 17.2L523 256l-90.6 79.7c-5.1 4.5-5.5 12.3-.8 17.2l43.5 46.4c4.5 4.9 12.1 5.1 17 .6z"
                          fill="currentColor"
                          style={Object {}}
                        />
                      </svg>
                        
                      button_contribute_github
                    </a>
                     
                    <Link
                      className="btn btn-success btn-sm"
                      disabled={false}
                      to="/about"
                      type="button"
                    >
                      <svg
                        aria-hidden="true"
                        className="svg-inline--fa fa-code fa-w-20 "
                        data-icon="code"
                        data-prefix="fas"
                        focusable="false"
                        role="img"
                        style={Object {}}
                        viewBox="0 0 640 512"
                        xmlns="http://www.w3.org/2000/svg"
                      >
                        <path
                          d="M278.9 511.5l-61-17.7c-6.4-1.8-10-8.5-8.2-14.9L346.2 8.7c1.8-6.4 8.5-10 14.9-8.2l61 17.7c6.4 1.8 10 8.5 8.2 14.9L293.8 503.3c-1.9 6.4-8.5 10.1-14.9 8.2zm-114-112.2l43.5-46.4c4.6-4.9 4.3-12.7-.8-17.2L117 256l90.6-79.7c5.1-4.5 5.5-12.3.8-17.2l-43.5-46.4c-4.5-4.8-12.1-5.1-17-.5L3.8 247.2c-5.1 4.7-5.1 12.8 0 17.5l144.1 135.1c4.9 4.6 12.5 4.4 17-.5zm327.2.6l144.1-135.1c5.1-4.7 5.1-12.8 0-17.5L492.1 112.1c-4.8-4.5-12.4-4.3-17 .5L431.6 159c-4.6 4.9-4.3 12.7.8 17.2L523 256l-90.6 79.7c-5.1 4.5-5.5 12.3-.8 17.2l43.5 46.4c4.5 4.9 12.1 5.1 17 .6z"
                          fill="currentColor"
                          style={Object {}}
                        />
                      </svg>
                        
                      button_about
                    </Link>
                  </div>
                </div>
                <div
                  className="card border-warning"
                >
                  <div
                    className="card-body"
                  >
                    <div
                      className="text-center card-title h5"
                    >
                      <h4>
                        <svg
                          aria-hidden="true"
                          className="svg-inline--fa fa-language fa-w-20 "
                          data-icon="language"
                          data-prefix="fas"
                          focusable="false"
                          role="img"
                          style={Object {}}
                          viewBox="0 0 640 512"
                          xmlns="http://www.w3.org/2000/svg"
                        >
                          <path
                            d="M152.1 236.2c-3.5-12.1-7.8-33.2-7.8-33.2h-.5s-4.3 21.1-7.8 33.2l-11.1 37.5H163zM616 96H336v320h280c13.3 0 24-10.7 24-24V120c0-13.3-10.7-24-24-24zm-24 120c0 6.6-5.4 12-12 12h-11.4c-6.9 23.6-21.7 47.4-42.7 69.9 8.4 6.4 17.1 12.5 26.1 18 5.5 3.4 7.3 10.5 4.1 16.2l-7.9 13.9c-3.4 5.9-10.9 7.8-16.7 4.3-12.6-7.8-24.5-16.1-35.4-24.9-10.9 8.7-22.7 17.1-35.4 24.9-5.8 3.5-13.3 1.6-16.7-4.3l-7.9-13.9c-3.2-5.6-1.4-12.8 4.2-16.2 9.3-5.7 18-11.7 26.1-18-7.9-8.4-14.9-17-21-25.7-4-5.7-2.2-13.6 3.7-17.1l6.5-3.9 7.3-4.3c5.4-3.2 12.4-1.7 16 3.4 5 7 10.8 14 17.4 20.9 13.5-14.2 23.8-28.9 30-43.2H412c-6.6 0-12-5.4-12-12v-16c0-6.6 5.4-12 12-12h64v-16c0-6.6 5.4-12 12-12h16c6.6 0 12 5.4 12 12v16h64c6.6 0 12 5.4 12 12zM0 120v272c0 13.3 10.7 24 24 24h280V96H24c-13.3 0-24 10.7-24 24zm58.9 216.1L116.4 167c1.7-4.9 6.2-8.1 11.4-8.1h32.5c5.1 0 9.7 3.3 11.4 8.1l57.5 169.1c2.6 7.8-3.1 15.9-11.4 15.9h-22.9a12 12 0 0 1-11.5-8.6l-9.4-31.9h-60.2l-9.1 31.8c-1.5 5.1-6.2 8.7-11.5 8.7H70.3c-8.2 0-14-8.1-11.4-15.9z"
                            fill="currentColor"
                            style={Object {}}
                          />
                        </svg>
                         
                        home_section_i18n_title
                      </h4>
                    </div>
                    <p
                      className="card-text"
                    >
                      home_section_i18n_text
                    </p>
                  </div>
                  <div
                    className="text-center card-footer"
                  >
                    <Link
                      className="btn btn-primary btn-sm"
                      disabled={false}
                      to="/locale"
                      type="button"
                    >
                      <svg
                        aria-hidden="true"
                        className="svg-inline--fa fa-code fa-w-20 "
                        data-icon="code"
                        data-prefix="fas"
                        focusable="false"
                        role="img"
                        style={Object {}}
                        viewBox="0 0 640 512"
                        xmlns="http://www.w3.org/2000/svg"
                      >
                        <path
                          d="M278.9 511.5l-61-17.7c-6.4-1.8-10-8.5-8.2-14.9L346.2 8.7c1.8-6.4 8.5-10 14.9-8.2l61 17.7c6.4 1.8 10 8.5 8.2 14.9L293.8 503.3c-1.9 6.4-8.5 10.1-14.9 8.2zm-114-112.2l43.5-46.4c4.6-4.9 4.3-12.7-.8-17.2L117 256l90.6-79.7c5.1-4.5 5.5-12.3.8-17.2l-43.5-46.4c-4.5-4.8-12.1-5.1-17-.5L3.8 247.2c-5.1 4.7-5.1 12.8 0 17.5l144.1 135.1c4.9 4.6 12.5 4.4 17-.5zm327.2.6l144.1-135.1c5.1-4.7 5.1-12.8 0-17.5L492.1 112.1c-4.8-4.5-12.4-4.3-17 .5L431.6 159c-4.6 4.9-4.3 12.7.8 17.2L523 256l-90.6 79.7c-5.1 4.5-5.5 12.3-.8 17.2l43.5 46.4c4.5 4.9 12.1 5.1 17 .6z"
                          fill="currentColor"
                          style={Object {}}
                        />
                      </svg>
                        
                      button_i18n
                    </Link>
                  </div>
                </div>
              </div>
            </div>
          </div>
        </div>
      </div>
    </main>
    <Footer />
  </div>,
]
`;
