// Jest Snapshot v1, https://goo.gl/fbAQLP

exports[`Layout renders correctly 1`] = `
Array [
  <Header />,
  <div
    className="container"
  >
    <main>
      Testing
    </main>
    <Footer />
  </div>,
]
`;
